Preparing IVF-PQ candidates outside timing
Correctness passed: n=1000000 b=1000000 d=96 c=128 k=64
SAMPLE,0,8,19.0765495,19.0803591
SAMPLE,0,16,21.2858276,21.2905003
SAMPLE,0,116,24.6355381,24.6400476
SAMPLE,0,0,30.6010532,30.6051871
SAMPLE,0,108,21.5405865,21.5452661
SAMPLE,1,108,21.5409088,21.5452531
SAMPLE,1,116,24.6367912,24.6416143
SAMPLE,1,8,19.0774078,19.0823279
SAMPLE,1,0,30.5961609,30.6007534
SAMPLE,1,16,21.2867699,21.2920499
SAMPLE,2,116,24.637249,24.6421291
SAMPLE,2,0,30.5975361,30.6025004
SAMPLE,2,8,19.0797749,19.0847701
SAMPLE,2,108,21.5390911,21.545465
SAMPLE,2,16,21.2857361,21.2906893
SAMPLE,3,108,21.5391903,21.5436881
SAMPLE,3,8,19.0785999,19.0841764
SAMPLE,3,0,30.5989437,30.6035377
SAMPLE,3,116,24.6373196,24.6421191
SAMPLE,3,16,21.2862816,21.2906877
SAMPLE,4,108,21.5452213,21.5497357
SAMPLE,4,116,24.6301022,24.6350586
SAMPLE,4,8,19.0791588,19.0835341
SAMPLE,4,16,21.2846489,21.2891669
SAMPLE,4,0,30.5941906,30.5985329
SAMPLE,5,108,21.5411739,21.5457954
SAMPLE,5,16,21.2849464,21.2891711
SAMPLE,5,116,24.6370869,24.6411193
SAMPLE,5,0,30.6047916,30.6089001
SAMPLE,5,8,19.0803795,19.0847816
SAMPLE,6,16,21.2864475,21.2904444
SAMPLE,6,116,24.6446323,24.6489867
SAMPLE,6,0,30.6152458,30.6197606
SAMPLE,6,8,19.0804996,19.0856457
SAMPLE,6,108,21.5408039,21.5453449
SAMPLE,7,116,24.6436977,24.647513
SAMPLE,7,108,21.5443916,21.5487483
SAMPLE,7,16,21.2863941,21.2901899
SAMPLE,7,0,30.6117744,30.6159179
SAMPLE,7,8,19.0813866,19.0859491
SAMPLE,8,8,19.0779324,19.08273
SAMPLE,8,108,21.5442657,21.5506943
SAMPLE,8,16,21.2855053,21.2901184
SAMPLE,8,116,24.644907,24.6495961
SAMPLE,8,0,30.6144543,30.61942
SAMPLE,9,16,21.2861271,21.2909209
SAMPLE,9,108,21.5424633,21.5469014
SAMPLE,9,0,30.6059151,30.6101776
SAMPLE,9,116,24.6421242,24.6465571
SAMPLE,9,8,19.0842915,19.0886089
SAMPLE,10,8,19.0771427,19.0809646
SAMPLE,10,16,21.2865925,21.2908951
SAMPLE,10,108,21.543745,21.5479186
SAMPLE,10,0,30.6147289,30.6185471
SAMPLE,10,116,24.6454487,24.6497263
