Preparing IVF-PQ candidates outside timing
Correctness passed: n=1000000 b=8192 d=96 c=128 k=64
SAMPLE,0,8,0.180210277,0.182031143
SAMPLE,0,16,0.201965705,0.203285857
SAMPLE,0,0,0.250025123,0.251383571
SAMPLE,1,0,0.250496,0.251937143
SAMPLE,1,16,0.202326864,0.203685
SAMPLE,1,8,0.179803416,0.181278571
SAMPLE,2,16,0.201490283,0.202779429
SAMPLE,2,8,0.179794282,0.181199714
SAMPLE,2,0,0.250678867,0.252173286
SAMPLE,3,16,0.201796561,0.203128429
SAMPLE,3,0,0.250171423,0.251410857
SAMPLE,3,8,0.179277703,0.180514429
SAMPLE,4,0,0.25021714,0.251449429
SAMPLE,4,16,0.201590866,0.202839429
SAMPLE,4,8,0.180114284,0.181325857
SAMPLE,5,16,0.202381715,0.203566143
SAMPLE,5,0,0.250272006,0.251654
SAMPLE,5,8,0.179936007,0.181277143
SAMPLE,6,16,0.202326864,0.203687714
SAMPLE,6,8,0.180393144,0.181569
SAMPLE,6,0,0.250555426,0.251992857
SAMPLE,7,8,0.180063993,0.181414571
SAMPLE,7,0,0.250591993,0.25196
SAMPLE,7,16,0.203273147,0.205351857
SAMPLE,8,8,0.17967543,0.180930857
SAMPLE,8,16,0.201174855,0.202491857
SAMPLE,8,0,0.250093728,0.251416429
SAMPLE,9,16,0.201901704,0.203276
SAMPLE,9,8,0.179149717,0.180382857
SAMPLE,9,0,0.250098288,0.251483714
SAMPLE,10,16,0.202646852,0.203852286
SAMPLE,10,0,0.250226289,0.251865714
SAMPLE,10,8,0.180900574,0.182338714
