Preparing IVF-PQ candidates outside timing
Correctness passed: n=1000000 b=1000000 d=96 c=256 k=128
SAMPLE,0,8,41.242321,41.2472361
SAMPLE,0,16,43.8814621,43.885813
SAMPLE,0,116,50.5174484,50.5221593
SAMPLE,0,0,61.3546333,61.359668
SAMPLE,0,108,46.6182518,46.6226357
SAMPLE,1,108,46.6190529,46.6242239
SAMPLE,1,116,50.5124893,50.5170187
SAMPLE,1,8,41.2364159,41.2407079
SAMPLE,1,0,61.3546333,61.3596336
SAMPLE,1,16,43.8816833,43.8863339
SAMPLE,2,116,50.5168839,50.5219246
SAMPLE,2,0,61.3483543,61.353881
SAMPLE,2,8,41.2390556,41.244206
SAMPLE,2,108,46.6282005,46.6334861
SAMPLE,2,16,43.8809509,43.8866286
SAMPLE,3,108,46.6138611,46.6183134
SAMPLE,3,8,41.2408829,41.2454263
SAMPLE,3,0,61.3491745,61.3556393
SAMPLE,3,116,50.5164833,50.5215153
SAMPLE,3,16,43.881073,43.8869476
SAMPLE,4,108,46.6171303,46.6221349
SAMPLE,4,116,50.5220528,50.5272169
SAMPLE,4,8,41.2403145,41.2457869
SAMPLE,4,16,43.8820572,43.8875471
SAMPLE,4,0,61.3477211,61.3530066
SAMPLE,5,108,46.6176872,46.6229304
SAMPLE,5,16,43.8807907,43.8857844
SAMPLE,5,116,50.5227013,50.527629
SAMPLE,5,0,61.3541145,61.3591643
SAMPLE,5,8,41.2366562,41.2415333
SAMPLE,6,16,43.8771935,43.8817741
SAMPLE,6,116,50.4977798,50.5027817
SAMPLE,6,0,61.3369713,61.3419073
SAMPLE,6,8,41.2266502,41.2327573
SAMPLE,6,108,46.6096001,46.6146766
SAMPLE,7,116,50.4984436,50.5026743
SAMPLE,7,108,46.6016731,46.6059277
SAMPLE,7,16,43.8772469,43.8818314
SAMPLE,7,0,61.3320656,61.3364591
SAMPLE,7,8,41.2402954,41.2447797
SAMPLE,8,8,41.2451782,41.2518146
SAMPLE,8,108,46.6016922,46.607264
SAMPLE,8,16,43.8775711,43.8828673
SAMPLE,8,116,50.4934807,50.4987541
SAMPLE,8,0,61.3351326,61.340266
SAMPLE,9,16,43.8779182,43.8826296
SAMPLE,9,108,46.6149521,46.6194509
SAMPLE,9,0,61.3383102,61.3428901
SAMPLE,9,116,50.495636,50.5002136
SAMPLE,9,8,41.2346535,41.2392383
SAMPLE,10,8,41.2461929,41.2510617
SAMPLE,10,16,43.8778572,43.8823936
SAMPLE,10,108,46.6068306,46.6115361
SAMPLE,10,0,61.3389282,61.3437271
SAMPLE,10,116,50.5051384,50.5097449
