Correctness passed: n=1048576 b=1048576 d=128 c=128 k=64
SAMPLE,0,16,36.7523003,36.75676
SAMPLE,0,32,36.7090759,36.714408
SAMPLE,0,132,39.5881729,39.5922057
SAMPLE,0,0,42.0187912,42.0232131
SAMPLE,0,116,38.783062,38.7898343
SAMPLE,1,116,38.7831192,38.788329
SAMPLE,1,132,39.59338,39.5984123
SAMPLE,1,16,36.7458267,36.750479
SAMPLE,1,0,42.0024338,42.006574
SAMPLE,1,32,36.7137871,36.7173309
SAMPLE,2,132,39.5860863,39.5895747
SAMPLE,2,0,42.0004349,42.0045539
SAMPLE,2,16,36.7549019,36.7589576
SAMPLE,2,116,38.7838402,38.7878984
SAMPLE,2,32,36.6958084,36.699969
SAMPLE,3,116,38.7674484,38.7709946
SAMPLE,3,16,36.7456017,36.7491613
SAMPLE,3,0,41.9298363,41.9334743
SAMPLE,3,132,39.5089226,39.5126653
SAMPLE,3,32,36.7159042,36.7196987
SAMPLE,4,116,38.7647705,38.7689687
SAMPLE,4,132,39.5113525,39.5160016
SAMPLE,4,16,36.7458153,36.750233
SAMPLE,4,32,36.7131462,36.7198776
SAMPLE,4,0,41.9231987,41.9272223
SAMPLE,5,116,38.762455,38.7659643
SAMPLE,5,32,36.6944046,36.6982596
SAMPLE,5,132,39.459465,39.463762
SAMPLE,5,0,41.8871994,41.8914844
SAMPLE,5,16,36.750843,36.7552877
SAMPLE,6,32,36.7049751,36.7095263
SAMPLE,6,132,39.4503174,39.454684
SAMPLE,6,0,41.8843193,41.8895187
SAMPLE,6,16,36.7487679,36.753439
SAMPLE,6,116,38.7074318,38.7118861
SAMPLE,7,132,39.4713478,39.4761004
SAMPLE,7,116,38.7015686,38.7061089
SAMPLE,7,32,36.7084084,36.7134064
SAMPLE,7,0,41.8892212,41.8935346
SAMPLE,7,16,36.7563972,36.760896
SAMPLE,8,16,36.7452469,36.7514461
SAMPLE,8,116,38.7049179,38.7104911
SAMPLE,8,32,36.7042465,36.7099697
SAMPLE,8,132,39.4596443,39.4649539
SAMPLE,8,0,41.8843117,41.8890951
SAMPLE,9,32,36.6965103,36.700962
SAMPLE,9,116,38.7031364,38.7076756
SAMPLE,9,0,41.887413,41.8920589
SAMPLE,9,132,39.4555092,39.4601944
SAMPLE,9,16,36.7418556,36.7463949
SAMPLE,10,16,36.7417107,36.7462117
SAMPLE,10,32,36.7015152,36.7057613
SAMPLE,10,116,38.7052689,38.7101413
SAMPLE,10,0,41.8897781,41.8939144
SAMPLE,10,132,39.4534988,39.4580254
